// Jest Snapshot v1, https://goo.gl/fbAQLP

exports[`Test render the Rockets Component Rockets section renders a hardcoded object, passed as a prop 1`] = `
<div>
  <ul
    class="flex"
  />
</div>
`;
